// Jest Snapshot v1, https://goo.gl/fbAQLP

exports[`expect to render ayah component 1`] = `
<div>
  <NavBar
    changeCity={[Function]}
    city={1}
  />
  <div
    className="container"
  >
    <Location
      changeDd={[Function]}
      dd={233}
      hijri=""
      location="Bakı"
      tarix="Cümə axşamı, 20 Avqust 2020"
    />
    <Progress
      bar={0}
    />
    <PrayerList
      currentPrayer={-1}
      prayers={
        Array [
          Object {
            "id": 1,
            "rakat": 2,
            "time": "--:--",
            "title": "Fəcr namazı",
          },
          Object {
            "id": 2,
            "rakat": 0,
            "time": "-:-",
            "title": "Günəş",
          },
          Object {
            "id": 3,
            "rakat": 4,
            "time": "-:-",
            "title": "Zöhr namazı",
          },
          Object {
            "id": 4,
            "rakat": 4,
            "time": "-:-",
            "title": "Əsr namazı",
          },
          Object {
            "id": 5,
            "rakat": 3,
            "time": "-:-",
            "title": "Məğrib namazı",
          },
          Object {
            "id": 6,
            "rakat": 4,
            "time": "-:-",
            "title": "İşa namazı",
          },
        ]
      }
    />
    <Ayah />
  </div>
  <footer
    className="footer"
  >
    <nav>
      <ol
        className="breadcrumb"
      >
        <li
          className="breadcrumb-item active"
        >
          © 2020
        </li>
        <li
          className="breadcrumb-item"
        >
          <a
            href="https://www.nam.az"
          >
            Nam.az
          </a>
        </li>
        <li
          className="breadcrumb-item"
        >
          <a
            href="https://www.quran.az"
          >
            Quran.az
          </a>
        </li>
        <li
          className="breadcrumb-item align-right"
        >
          <small>
            Namaz Vaxtları: 
            <u>
              islamicfinder.com
            </u>
          </small>
        </li>
      </ol>
    </nav>
  </footer>
</div>
`;
